{'latitude': '47.608013', 'longitude': '-122.335167', 'speed': None, 'ts': 1650500050}
{'latitude': '47.608013', 'longitude': '-122.335160', 'speed': '55.15', 'ts': 1650500051}
