{'latitude': '47.608013', 'longitude': '-122.335167', 'speed': None, 'ts': 1650500050}
{'latitude': '47.608013', 'longitude': '-122.335160', 'speed': '55.15', 'ts': 1650500051}
{'latitude': '47.608049', 'longitude': '-122.335145', 'speed': '55.15', 'ts': 1650500052}
{'latitude': '47.608013', 'longitude': '-122.335160', 'speed': '60.45', 'ts': 1650500055}
Out of order detected
