{'latitude': '47.608013', 'longitude': '-122.335167', 'speed': None, 'ts': 1650295661}
{'latitude': '47.608013', 'longitude': '-122.335160', 'speed': '60.15', 'ts': 1650295666}
