Out of order detected
Out of order detected
Out of order detected
Out of order detected
