{'latitude': '50.608049', 'longitude': '-120.335160', 'speed': '60.15', 'ts': 1650295695}
