Out of order detected
Out of order detected
{'latitude': '47.608013', 'longitude': '-122.335160', 'speed': '55.75', 'ts': 1650500051}
